// Jest Snapshot v1, https://goo.gl/fbAQLP

exports[`App.vue matches snapshot 1`] = `
<div id="app">
  <h1>Vue Art</h1>
  <p>Navigate the links below to view artists from a particular country</p>
  <div id="nav">
    <router-link to="/">Welcome</router-link> |
    <router-link to="/american-artists">American Artists</router-link> |
    <router-link to="/dutch-artists">Dutch Artists</router-link> |
    <router-link to="/spanish-artists">Spanish Artists</router-link>
  </div>
  <router-view></router-view>
</div>
`;
